../Core/Src/main.c:71:6:HAL_UARTEx_RxEventCallback	24	static
../Core/Src/main.c:124:6:Uprintf	16	static
../Core/Src/main.c:129:7:lowercase	24	static
../Core/Src/main.c:135:13:get_adc_channel_string	16	static
../Core/Src/main.c:161:6:convertStringToADCChannel	16	static
../Core/Src/main.c:192:10:extract_integer_from_command	96	static
../Core/Src/main.c:201:13:get_adc_resolution_string	16	static
../Core/Src/main.c:218:6:setADCResoltuion	16	static
../Core/Src/main.c:250:5:getRatio	16	static
../Core/Src/main.c:275:6:setADCAperture	16	static
../Core/Src/main.c:328:5:checkCommandType	16	static
../Core/Src/main.c:387:5:main	120	static
../Core/Src/main.c:637:6:SystemClock_Config	96	static
../Core/Src/main.c:686:13:MX_ADC1_Init	24	static
../Core/Src/main.c:753:13:MX_USART2_UART_Init	8	static
../Core/Src/main.c:786:13:MX_DMA_Init	16	static
../Core/Src/main.c:807:13:MX_GPIO_Init	48	static
../Core/Src/main.c:843:6:Error_Handler	4	static,ignoring_inline_asm
